../Core/Src/main.c:79:5:main	8	static
../Core/Src/main.c:127:6:SystemClock_Config	88	static
../Core/Src/main.c:175:13:MX_TIM2_Init	32	static
../Core/Src/main.c:220:13:MX_GPIO_Init	40	static
../Core/Src/main.c:288:6:HAL_TIM_PeriodElapsedCallback	16	static
../Core/Src/main.c:313:6:HAL_GPIO_EXTI_Callback	16	static
../Core/Src/main.c:360:6:display	24	static
../Core/Src/main.c:373:6:reset	8	static
../Core/Src/main.c:382:6:ledJ1	16	static
../Core/Src/main.c:422:6:ledJ2	16	static
../Core/Src/main.c:469:6:Error_Handler	4	static,ignoring_inline_asm
