../Core/Src/main.c:124:6:generarSin	16	static
../Core/Src/main.c:131:5:calcularARR	24	static
../Core/Src/main.c:139:5:presForFrequency	16	static
../Core/Src/main.c:148:6:playTone	40	static
../Core/Src/main.c:166:6:playTone2	40	static
../Core/Src/main.c:187:6:playTonePRE	40	static
../Core/Src/main.c:206:6:noTone	4	static
../Core/Src/main.c:210:6:noTone2	4	static
../Core/Src/main.c:221:5:main	232	static
../Core/Src/main.c:317:6:SystemClock_Config	88	static
../Core/Src/main.c:365:13:MX_DAC_Init	16	static
../Core/Src/main.c:405:13:MX_TIM1_Init	96	static
../Core/Src/main.c:480:13:MX_TIM6_Init	16	static
../Core/Src/main.c:518:13:MX_USART2_UART_Init	8	static
../Core/Src/main.c:549:13:MX_DMA_Init	16	static
../Core/Src/main.c:567:13:MX_GPIO_Init	48	static
../Core/Src/main.c:599:6:Error_Handler	4	static,ignoring_inline_asm
